<assemblies timestamp="07/10/2023 20:53:19">
  <assembly name="D:\Development\grafx\Source\Platform\Platform.API\Hosted Services\DB Synchronizer\Tests\CHILI.GraFx.Platform.HostedServices.DbSynchronizer.Tests\bin\Debug\net6.0\CHILI.GraFx.Platform.HostedServices.DbSynchronizer.Tests.dll" run-date="2023-07-10" run-time="20:53:19" total="20" passed="19" failed="1" skipped="0" time="9.625" errors="0">
    <errors />
    <collection total="5" passed="5" failed="0" skipped="0" name="Test collection for CHILI.GraFx.Platform.HostedServices.DBSynchronizer.Tests" time="3.708">
      <test name="CHILI.GraFx.Platform.HostedServices.DBSynchronizer.Tests.DbSyncerTaskTests+WhenTheExportRootFolderContainsNoValidFolder.NoDataIsImported" type="CHILI.GraFx.Platform.HostedServices.DBSynchronizer.Tests" method="DbSyncerTaskTests+WhenTheExportRootFolderContainsNoValidFolder.NoDataIsImported(dbContext: CHILI.GraFx.Platform.DB.Context.ChiliGraFxDbContext)" time="0.2097639" result="Pass">
        <traits />
      </test>
      <test name="CHILI.GraFx.Platform.HostedServices.DBSynchronizer.Tests.DbSyncerTaskTests+WhenTheExportRootFolderIsNotSpecified.NoDataIsImported" type="CHILI.GraFx.Platform.HostedServices.DBSynchronizer.Tests" method="DbSyncerTaskTests+WhenTheExportRootFolderIsNotSpecified.NoDataIsImported(context: CHILI.GraFx.Platform.DB.Context.ChiliGraFxDbContext)" time="0.2098034" result="Pass">
        <traits />
      </test>
      <test name="CHILI.GraFx.Platform.HostedServices.DBSynchronizer.Tests.DbSyncerTaskTests+WhenTheExportFolderContainsData+WhenTheDbAlreadyContainsTheData.EachEntityIsUpdatedInTheDatabase" type="CHILI.GraFx.Platform.HostedServices.DBSynchronizer.Tests" method="DbSyncerTaskTests+WhenTheExportFolderContainsData+WhenTheDbAlreadyContainsTheData.EachEntityIsUpdatedInTheDatabase" time="1.0338380" result="Pass">
        <traits />
      </test>
      <test name="CHILI.GraFx.Platform.HostedServices.DBSynchronizer.Tests.DbSyncerTaskTests+WhenTheExportFolderContainsData+WhenTheDbIsEmpty.EachEntityIsCreatedInTheDatabase" type="CHILI.GraFx.Platform.HostedServices.DBSynchronizer.Tests" method="DbSyncerTaskTests+WhenTheExportFolderContainsData+WhenTheDbIsEmpty.EachEntityIsCreatedInTheDatabase" time="1.1274848" result="Pass">
        <traits />
      </test>
      <test name="CHILI.GraFx.Platform.HostedServices.DBSynchronizer.Tests.DbSyncerTaskTests+WhenTheExportFolderContainsData+WhenTheDbAlreadyContainsTheData+WhenTheCsvContainsAServerThatIsAlreadyLinkedToAnotherServer.TheExistingServerInTheDbIsUpdated" type="CHILI.GraFx.Platform.HostedServices.DBSynchronizer.Tests" method="DbSyncerTaskTests+WhenTheExportFolderContainsData+WhenTheDbAlreadyContainsTheData+WhenTheCsvContainsAServerThatIsAlreadyLinkedToAnotherServer.TheExistingServerInTheDbIsUpdated" time="1.1275360" result="Pass">
        <traits />
      </test>
    </collection>
    <collection total="4" passed="4" failed="0" skipped="0" name="Test collection for CHILI.GraFx.Platform.HostedServices.DBSynchronizer.Tests.DbSyncerServicesTests" time="0.975">
      <test name="CHILI.GraFx.Platform.HostedServices.DBSynchronizer.Tests.DbSyncerServicesTests.ADbSyncerTaskInstanceCanBeResolvedWithoutConnectionString" type="CHILI.GraFx.Platform.HostedServices.DBSynchronizer.Tests.DbSyncerServicesTests" method="ADbSyncerTaskInstanceCanBeResolvedWithoutConnectionString(dbSyncerServices: DbSyncerServices { })" time="0.5449756" result="Pass">
        <traits>
          <trait name="Hosted Service" value="Database synchronizer (My CP Sync)." />
        </traits>
      </test>
      <test name="CHILI.GraFx.Platform.HostedServices.DBSynchronizer.Tests.DbSyncerServicesTests.ADbSyncerTaskInstanceCanBeResolved" type="CHILI.GraFx.Platform.HostedServices.DBSynchronizer.Tests.DbSyncerServicesTests" method="ADbSyncerTaskInstanceCanBeResolved(dbSyncerServices: DbSyncerServices { })" time="0.4227887" result="Pass">
        <traits>
          <trait name="Hosted Service" value="Database synchronizer (My CP Sync)." />
        </traits>
      </test>
      <test name="CHILI.GraFx.Platform.HostedServices.DBSynchronizer.Tests.DbSyncerServicesTests.ADbSyncerTaskLockHeartBeatUpdaterInstanceCanBeResolved" type="CHILI.GraFx.Platform.HostedServices.DBSynchronizer.Tests.DbSyncerServicesTests" method="ADbSyncerTaskLockHeartBeatUpdaterInstanceCanBeResolved(dbSyncerServices: DbSyncerServices { })" time="0.0040102" result="Pass">
        <traits>
          <trait name="Hosted Service" value="Database synchronizer (My CP Sync)." />
        </traits>
      </test>
      <test name="CHILI.GraFx.Platform.HostedServices.DBSynchronizer.Tests.DbSyncerServicesTests.ADbSyncerTaskLockHeartBeatUpdaterInstanceCanBeResolvedWithoutConnectionString" type="CHILI.GraFx.Platform.HostedServices.DBSynchronizer.Tests.DbSyncerServicesTests" method="ADbSyncerTaskLockHeartBeatUpdaterInstanceCanBeResolvedWithoutConnectionString(dbSyncerServices: DbSyncerServices { })" time="0.0031428" result="Pass">
        <traits>
          <trait name="Hosted Service" value="Database synchronizer (My CP Sync)." />
        </traits>
      </test>
    </collection>
    <collection total="3" passed="3" failed="0" skipped="0" name="Test collection for CHILI.GraFx.Platform.HostedServices.DBSynchronizer.Tests.Internal.Tasks.Locks.DbSyncerTaskLockHeartBeatUpdaterTests" time="0.190">
      <test name="CHILI.GraFx.Platform.HostedServices.DBSynchronizer.Tests.Internal.Tasks.Locks.DbSyncerTaskLockHeartBeatUpdaterTests.NoDataIsPersistedWhenTheLockIsNotFound" type="CHILI.GraFx.Platform.HostedServices.DBSynchronizer.Tests.Internal.Tasks.Locks.DbSyncerTaskLockHeartBeatUpdaterTests" method="NoDataIsPersistedWhenTheLockIsNotFound(context: CHILI.GraFx.Platform.DB.Context.ChiliGraFxDbContext, heartBeatUpdater: DbSyncerTaskLockHeartBeatUpdater { ExecuteTask = null })" time="0.1226278" result="Pass">
        <traits>
          <trait name="Hosted Service" value="Database synchronizer (My CP Sync)." />
        </traits>
      </test>
      <test name="CHILI.GraFx.Platform.HostedServices.DBSynchronizer.Tests.Internal.Tasks.Locks.DbSyncerTaskLockHeartBeatUpdaterTests.TheLockIsUpdatedWhenItsFoundAndCreatedByTheInstance" type="CHILI.GraFx.Platform.HostedServices.DBSynchronizer.Tests.Internal.Tasks.Locks.DbSyncerTaskLockHeartBeatUpdaterTests" method="TheLockIsUpdatedWhenItsFoundAndCreatedByTheInstance(dateTimeProvider: Mock&lt;IDateTimeProvider:6&gt;, dateTime: 2024-10-17T09:34:04.8362390, context: CHILI.GraFx.Platform.DB.Context.ChiliGraFxDbContext, heartBeatUpdater: DbSyncerTaskLockHeartBeatUpdater { ExecuteTask = null }, uidProvider: GraFxHostedServiceUIdProvider { })" time="0.0660086" result="Pass">
        <traits>
          <trait name="Hosted Service" value="Database synchronizer (My CP Sync)." />
        </traits>
      </test>
      <test name="CHILI.GraFx.Platform.HostedServices.DBSynchronizer.Tests.Internal.Tasks.Locks.DbSyncerTaskLockHeartBeatUpdaterTests.TheLockIsNotUpdatedWhenItsFoundAndCreatedByOtherInstance" type="CHILI.GraFx.Platform.HostedServices.DBSynchronizer.Tests.Internal.Tasks.Locks.DbSyncerTaskLockHeartBeatUpdaterTests" method="TheLockIsNotUpdatedWhenItsFoundAndCreatedByOtherInstance(dateTimeProvider: Mock&lt;IDateTimeProvider:7&gt;, dateTime: 2025-04-23T08:11:10.5338278, context: CHILI.GraFx.Platform.DB.Context.ChiliGraFxDbContext, heartBeatUpdater: DbSyncerTaskLockHeartBeatUpdater { ExecuteTask = null })" time="0.0014823" result="Pass">
        <traits>
          <trait name="Hosted Service" value="Database synchronizer (My CP Sync)." />
        </traits>
      </test>
    </collection>
    <collection total="8" passed="7" failed="1" skipped="0" name="Test collection for CHILI.GraFx.Platform.HostedServices.DBSynchronizer.Tests.Internal.Tasks.Locks.DbSyncerTaskLockTests" time="0.832">
      <test name="CHILI.GraFx.Platform.HostedServices.DBSynchronizer.Tests.Internal.Tasks.Locks.DbSyncerTaskLockTests.ALockCannotBeAcquiredWhenTheActiveLockHasNoActiveHeartBeatAndSavingFails" type="CHILI.GraFx.Platform.HostedServices.DBSynchronizer.Tests.Internal.Tasks.Locks.DbSyncerTaskLockTests" method="ALockCannotBeAcquiredWhenTheActiveLockHasNoActiveHeartBeatAndSavingFails" time="0.7703676" result="Pass">
        <traits>
          <trait name="Hosted Service" value="Db Synchronizer" />
        </traits>
      </test>
      <test name="CHILI.GraFx.Platform.HostedServices.DBSynchronizer.Tests.Internal.Tasks.Locks.DbSyncerTaskLockTests.ALockCanBeDeleted" type="CHILI.GraFx.Platform.HostedServices.DBSynchronizer.Tests.Internal.Tasks.Locks.DbSyncerTaskLockTests" method="ALockCanBeDeleted" time="0.0317544" result="Pass">
        <traits>
          <trait name="Hosted Service" value="Db Synchronizer" />
        </traits>
      </test>
      <test name="CHILI.GraFx.Platform.HostedServices.DBSynchronizer.Tests.Internal.Tasks.Locks.DbSyncerTaskLockTests.ALockCannotBeAcquiredWhenNoActiveLockIsFoundAnSavingFails" type="CHILI.GraFx.Platform.HostedServices.DBSynchronizer.Tests.Internal.Tasks.Locks.DbSyncerTaskLockTests" method="ALockCannotBeAcquiredWhenNoActiveLockIsFoundAnSavingFails" time="0.0140653" result="Pass">
        <traits>
          <trait name="Hosted Service" value="Db Synchronizer" />
        </traits>
      </test>
      <test name="CHILI.GraFx.Platform.HostedServices.DBSynchronizer.Tests.Internal.Tasks.Locks.DbSyncerTaskLockTests.ALockCannotBeAcquiredWhenTheActiveLockHasAnActiveHeartBeat" type="CHILI.GraFx.Platform.HostedServices.DBSynchronizer.Tests.Internal.Tasks.Locks.DbSyncerTaskLockTests" method="ALockCannotBeAcquiredWhenTheActiveLockHasAnActiveHeartBeat" time="0.0023366" result="Pass">
        <traits>
          <trait name="Hosted Service" value="Db Synchronizer" />
        </traits>
      </test>
      <test name="CHILI.GraFx.Platform.HostedServices.DBSynchronizer.Tests.Internal.Tasks.Locks.DbSyncerTaskLockTests.ALockCanBeAcquiredWhenTheActiveLockHasNoActiveHeartBeat" type="CHILI.GraFx.Platform.HostedServices.DBSynchronizer.Tests.Internal.Tasks.Locks.DbSyncerTaskLockTests" method="ALockCanBeAcquiredWhenTheActiveLockHasNoActiveHeartBeat" time="0.0022274" result="Pass">
        <traits>
          <trait name="Hosted Service" value="Db Synchronizer" />
        </traits>
      </test>
      <test name="CHILI.GraFx.Platform.HostedServices.DBSynchronizer.Tests.Internal.Tasks.Locks.DbSyncerTaskLockTests.ALockIsModifiedAndCannotBeDeletedWhenSavingFails" type="CHILI.GraFx.Platform.HostedServices.DBSynchronizer.Tests.Internal.Tasks.Locks.DbSyncerTaskLockTests" method="ALockIsModifiedAndCannotBeDeletedWhenSavingFails" time="0.0086471" result="Pass">
        <traits>
          <trait name="Hosted Service" value="Db Synchronizer" />
        </traits>
      </test>
      <test name="A very beautifull test that has a display name :-)" type="CHILI.GraFx.Platform.HostedServices.DBSynchronizer.Tests.Internal.Tasks.Locks.DbSyncerTaskLockTests" method="ALockCanBeAcquiredWhenNoActiveLockIsFound" time="0.0019003" result="Pass">
        <traits>
          <!-- <trait name="Hosted Service" value="Db Synchronizer" /> -->
        </traits>
      </test>
      <test name="CHILI.GraFx.Platform.HostedServices.DBSynchronizer.Tests.Internal.Tasks.Locks.DbSyncerTaskLockTests.ALockCannotBeDeletedWhenSavingFails" type="CHILI.GraFx.Platform.HostedServices.DBSynchronizer.Tests.Internal.Tasks.Locks.DbSyncerTaskLockTests" method="ALockCannotBeDeletedWhenSavingFails" time="0.0007697" result="Fail">
        <failure>
          <message>System.NotSupportedException : Specified method is not supported.</message>
          <stack-trace>   at CHILI.GraFx.Platform.HostedServices.DBSynchronizer.Tests.Internal.Tasks.Locks.DbSyncerTaskLockTests.ALockCannotBeDeletedWhenSavingFails() in D:\Development\grafx\Source\Platform\Platform.API\Hosted Services\DB Synchronizer\Tests\CHILI.GraFx.Platform.HostedServices.DbSynchronizer.Tests\Internal\Tasks\Locks\DbSyncerTaskLock.Tests.cs:line 146
--- End of stack trace from previous location ---</stack-trace>
        </failure>
        <traits>
          <trait name="Hosted Service" value="Db Synchronizer" />
        </traits>
      </test>
    </collection>   
  </assembly>
</assemblies>
